norris erinna dorolisa emmye carolyne jacqui 
ashley adrienne cacilia malynda jacquette othelia 
aggi shanie neda sharai ina katina perle valli hana oralia nielson kameko denise helenka josefa margarita 
jeanie megen winona cindie vanny 
deena norma cate sunny oliy philomena dorene jennette nevsa 
latisha mariann friedman hilde cecelia meara alturing mirella kathryne 
sharia dara selena maisie margarete susanetta lonna eadie hedwig gratia cristen donni ava claus 
johnny 
frederique wynn marci brina rachmaninoff betsey nona daphna alyss carlee jerry 

