norris erinna dorolisa emmye carolyne 
ashley adrienne cacilia 
aggi shanie neda sharai ina 
jeanie megen winona cindie 
deena norma cate sunny 
latisha mariann friedman hilde cecelia meara alturing 
sharia dara selena maisie margarete 
johnny 
frederique wynn marci brina rachmaninoff 
jacqui 
malynda jacquette othelia 
katina perle valli hana oralia nielson kameko denise helenka josefa margarita 
vanny 
oliy philomena dorene nevsa jennette 
mirella kathryne 
susanetta lonna eadie hedwig gratia cristen donni ava claus 
betsey nona daphna alyss carlee jerry 

False

